// Jest Snapshot v1, https://goo.gl/fbAQLP

exports[`renders components/color-picker/demo/base.tsx extend context correctly 1`] = `
Array [
  <div
    class="ant-color-root"
  >
    <div
      class="ant-color-placeholder"
    >
      <div
        class="ant-color-placeholder-container"
      >
        <div
          class="ant-color-placeholder-display"
        />
        <div
          class="ant-color-placeholder-layer"
          style="background-color:rgb(23, 120, 255)"
        />
      </div>
    </div>
  </div>,
  <div
    class="ant-color ant-color-placement-bottomLeft"
    style="left:-1000vw;top:-1000vh;box-sizing:border-box"
  >
    <div
      class="ant-color-arrow"
      style="position:absolute"
    />
    <div
      class="ant-color-panel"
    >
      <div
        class="ant-color-expanel"
      >
        <div
          class="ant-color-expanel-clear"
        >
          <div
            class="ant-color-clear"
          />
        </div>
        <div
          class="ant-color-picker"
        >
          <div
            class="ant-color-palette"
            style="position:relative"
          >
            <div
              style="position:absolute;left:0;top:0;z-index:1"
            >
              <div
                class="ant-color-handler"
                style="background-color:rgb(23, 120, 255)"
              />
            </div>
            <div
              class="ant-color-gradient"
              style="position:absolute;inset:0;background:rgb(0, 106, 255)"
            >
              <div
                class="ant-color-gradient"
                style="position:absolute;inset:0;background:linear-gradient(to right, rgb(255, 255, 255),rgba(255, 255, 255, 0))"
              >
                <div
                  class="ant-color-gradient"
                  style="position:absolute;inset:0;background:linear-gradient(to top, rgb(0, 0, 0),rgba(0, 0, 0, 0))"
                />
              </div>
            </div>
          </div>
        </div>
        <div
          class="ant-color-slider-container"
        >
          <div
            class="ant-color-display"
          >
            <div
              class="ant-color-display-container"
            >
              <div
                class="ant-color-display-block"
              />
              <div
                class="ant-color-display-layer"
                style="background:rgb(23, 120, 255)"
              />
            </div>
          </div>
          <div
            class="ant-color-slider-group"
          >
            <div
              class="ant-color-slider ant-color-slider-hue"
            >
              <div
                class="ant-color-palette"
                style="position:relative"
              >
                <div
                  style="position:absolute;left:0;top:0;z-index:1"
                >
                  <div
                    class="ant-color-handler ant-color-handler-sm"
                    style="background-color:hsl(215,100%, 50%)"
                  />
                </div>
                <div
                  class="ant-color-gradient"
                  style="position:absolute;inset:0;background:linear-gradient(to right, rgb(255, 0, 0),rgb(255, 255, 0),rgb(0, 255, 0),rgb(0, 255, 255),rgb(0, 0, 255),rgb(255, 0, 255),rgb(255, 0, 0))"
                />
              </div>
            </div>
            <div
              class="ant-color-slider ant-color-slider-alpha"
            >
              <div
                class="ant-color-palette"
                style="position:relative"
              >
                <div
                  style="position:absolute;left:0;top:0;z-index:1"
                >
                  <div
                    class="ant-color-handler ant-color-handler-sm"
                    style="background-color:rgb(23, 120, 255)"
                  />
                </div>
                <div
                  class="ant-color-gradient"
                  style="position:absolute;inset:0;background:linear-gradient(to right, rgba(255, 0, 4, 0),rgb(23, 120, 255))"
                />
              </div>
            </div>
          </div>
        </div>
        <div
          class="ant-color-databar"
        >
          <div
            class="ant-color-databar-container"
          >
            <div
              class="ant-color-databar-select"
            >
              <div
                class="ant-select ant-select-borderless ant-select-single ant-select-show-arrow"
              >
                <div
                  class="ant-select-selector"
                >
                  <span
                    class="ant-select-selection-search"
                  >
                    <input
                      aria-activedescendant="undefined_list_0"
                      aria-autocomplete="list"
                      aria-controls="undefined_list"
                      aria-haspopup="listbox"
                      aria-owns="undefined_list"
                      autocomplete="off"
                      class="ant-select-selection-search-input"
                      readonly=""
                      role="combobox"
                      style="opacity:0"
                      type="search"
                      unselectable="on"
                      value=""
                    />
                  </span>
                  <span
                    class="ant-select-selection-item"
                    title="HEX"
                  >
                    HEX
                  </span>
                </div>
                <span
                  aria-hidden="true"
                  class="ant-select-arrow"
                  style="user-select:none;-webkit-user-select:none"
                  unselectable="on"
                >
                  <span
                    aria-label="down"
                    class="anticon anticon-down ant-select-suffix"
                    role="img"
                  >
                    <svg
                      aria-hidden="true"
                      data-icon="down"
                      fill="currentColor"
                      focusable="false"
                      height="1em"
                      viewBox="64 64 896 896"
                      width="1em"
                    >
                      <path
                        d="M884 256h-75c-5.1 0-9.9 2.5-12.9 6.6L512 654.2 227.9 262.6c-3-4.1-7.8-6.6-12.9-6.6h-75c-6.5 0-10.3 7.4-6.5 12.7l352.6 486.1c12.8 17.6 39 17.6 51.7 0l352.6-486.1c3.9-5.3.1-12.7-6.4-12.7z"
                      />
                    </svg>
                  </span>
                </span>
              </div>
            </div>
            <div
              class="ant-color-databar-picker"
            >
              <div
                class="ant-color-databar-hexinput"
              >
                <div
                  class="ant-color-databar-hexinput-input"
                >
                  <span
                    class="ant-input-affix-wrapper"
                  >
                    <span
                      class="ant-input-prefix"
                    >
                      #
                    </span>
                    <input
                      class="ant-input"
                      type="text"
                      value="1778FF"
                    />
                  </span>
                </div>
              </div>
              <div
                class="ant-color-databar-steppers"
              >
                <div
                  class="ant-color-databar-steppers-input"
                >
                  <div
                    class="ant-input-number-affix-wrapper"
                  >
                    <span
                      class="ant-input-number-prefix"
                    >
                      <div
                        class="ant-color-databar-steppers-prefix"
                      >
                        <div
                          class="ant-color-databar-steppers-display"
                        />
                        <div
                          class="ant-color-databar-steppers-layer"
                          style="background-color:rgb(23, 120, 255)"
                        />
                      </div>
                    </span>
                    <div
                      class="ant-input-number"
                    >
                      <div
                        class="ant-input-number-handler-wrap"
                      >
                        <span
                          aria-disabled="true"
                          aria-label="Increase Value"
                          class="ant-input-number-handler ant-input-number-handler-up ant-input-number-handler-up-disabled"
                          role="button"
                          unselectable="on"
                        >
                          <span
                            aria-label="up"
                            class="anticon anticon-up ant-input-number-handler-up-inner"
                            role="img"
                          >
                            <svg
                              aria-hidden="true"
                              data-icon="up"
                              fill="currentColor"
                              focusable="false"
                              height="1em"
                              viewBox="64 64 896 896"
                              width="1em"
                            >
                              <path
                                d="M890.5 755.3L537.9 269.2c-12.8-17.6-39-17.6-51.7 0L133.5 755.3A8 8 0 00140 768h75c5.1 0 9.9-2.5 12.9-6.6L512 369.8l284.1 391.6c3 4.1 7.8 6.6 12.9 6.6h75c6.5 0 10.3-7.4 6.5-12.7z"
                              />
                            </svg>
                          </span>
                        </span>
                        <span
                          aria-disabled="false"
                          aria-label="Decrease Value"
                          class="ant-input-number-handler ant-input-number-handler-down"
                          role="button"
                          unselectable="on"
                        >
                          <span
                            aria-label="down"
                            class="anticon anticon-down ant-input-number-handler-down-inner"
                            role="img"
                          >
                            <svg
                              aria-hidden="true"
                              data-icon="down"
                              fill="currentColor"
                              focusable="false"
                              height="1em"
                              viewBox="64 64 896 896"
                              width="1em"
                            >
                              <path
                                d="M884 256h-75c-5.1 0-9.9 2.5-12.9 6.6L512 654.2 227.9 262.6c-3-4.1-7.8-6.6-12.9-6.6h-75c-6.5 0-10.3 7.4-6.5 12.7l352.6 486.1c12.8 17.6 39 17.6 51.7 0l352.6-486.1c3.9-5.3.1-12.7-6.4-12.7z"
                              />
                            </svg>
                          </span>
                        </span>
                      </div>
                      <div
                        class="ant-input-number-input-wrap"
                      >
                        <input
                          aria-valuemax="100"
                          aria-valuemin="0"
                          aria-valuenow="100"
                          autocomplete="off"
                          class="ant-input-number-input"
                          role="spinbutton"
                          step="1"
                          value="100%"
                        />
                      </div>
                    </div>
                  </div>
                </div>
              </div>
            </div>
          </div>
        </div>
      </div>
    </div>
  </div>,
]
`;
